// Jest Snapshot v1, https://goo.gl/fbAQLP

exports[`Component Cards renders without crashing 1`] = `
<DocumentFragment>
  <div
    class="cards"
  >
    <div
      class="card"
    >
      <div
        class="img"
      >
        <img
          alt="Image"
          class="cardImage"
          src="/Images/abstract.png"
        />
      </div>
      <div
        class="belowImage"
      >
        <div
          class="textBelowImage"
        >
          <p>
            2nd January, 2018
          </p>
          <p>
            2 mins
          </p>
        </div>
        <div
          class="title"
        >
          <h3>
            The future of abstract art and the culture ...
          </h3>
        </div>
        <div
          class="description"
        >
          <p>
            Create a blog post subtitle that summarizes your post in a few short, punchy sentences and entices your...
          </p>
        </div>
        <hr />
        <div
          class="reactions"
        >
          <div
            class="hands"
          >
            <button
              class="claps"
              data-testid="testClapButton"
            >
              <img
                alt="image"
                src="/Icons/clapping.svg"
              />
            </button>
            <p
              data-testid="claps"
            >
              10
            </p>
          </div>
          <div
            class="heart"
          >
            <button
              data-testid="testHeartButton"
            >
              <img
                alt="image"
                src="/Icons/heart-black.svg"
              />
            </button>
          </div>
        </div>
      </div>
    </div>
    <div
      class="card"
    >
      <div
        class="img"
      >
        <img
          alt="Image"
          class="cardImage"
          src="/Images/outdoor.png"
        />
      </div>
      <div
        class="belowImage"
      >
        <div
          class="textBelowImage"
        >
          <p>
            31st January, 2018
          </p>
          <p>
            1 min
          </p>
        </div>
        <div
          class="title"
        >
          <h3>
            How painting outdoors can transform your 
          </h3>
        </div>
        <div
          class="description"
        >
          <p>
            Create a blog post subtitle that summarizes your post in a few short, punchy sentences and entices your...
          </p>
        </div>
        <hr />
        <div
          class="reactions"
        >
          <div
            class="hands"
          >
            <button
              class="claps"
              data-testid="testClapButton"
            >
              <img
                alt="image"
                src="/Icons/clapping.svg"
              />
            </button>
            <p
              data-testid="claps"
            >
              1
            </p>
          </div>
          <div
            class="heart"
          >
            <button
              data-testid="testHeartButton"
            >
              <img
                alt="image"
                src="/Icons/heart-red.svg"
              />
            </button>
          </div>
        </div>
      </div>
    </div>
    <div
      class="card"
    >
      <div
        class="img"
      >
        <img
          alt="Image"
          class="cardImage"
          src="/Images/young-painters.png"
        />
      </div>
      <div
        class="belowImage"
      >
        <div
          class="textBelowImage"
        >
          <p>
            20th March, 2018
          </p>
          <p>
            2 mins
          </p>
        </div>
        <div
          class="title"
        >
          <h3>
            10 young painters you need to know
          </h3>
        </div>
        <div
          class="description"
        >
          <p>
            Create a blog post subtitle that summarizes your post in a few short, punchy sentences and entices your...
          </p>
        </div>
        <hr />
        <div
          class="reactions"
        >
          <div
            class="hands"
          >
            <button
              class="claps"
              data-testid="testClapButton"
            >
              <img
                alt="image"
                src="/Icons/clapping.svg"
              />
            </button>
            <p
              data-testid="claps"
            >
              15
            </p>
          </div>
          <div
            class="heart"
          >
            <button
              data-testid="testHeartButton"
            >
              <img
                alt="image"
                src="/Icons/heart-black.svg"
              />
            </button>
          </div>
        </div>
      </div>
    </div>
    <div
      class="card"
    >
      <div
        class="img"
      >
        <img
          alt="Image"
          class="cardImage"
          src="/Images/perfect-art.png"
        />
      </div>
      <div
        class="belowImage"
      >
        <div
          class="textBelowImage"
        >
          <p>
            22nd June, 2018
          </p>
          <p>
            5 mins
          </p>
        </div>
        <div
          class="title"
        >
          <h3>
            Tips for creating the perfect art
          </h3>
        </div>
        <div
          class="description"
        >
          <p>
            Create a blog post subtitle that summarizes your post in a few short, punchy sentences and entices your...
          </p>
        </div>
        <hr />
        <div
          class="reactions"
        >
          <div
            class="hands"
          >
            <button
              class="claps"
              data-testid="testClapButton"
            >
              <img
                alt="image"
                src="/Icons/clapping.svg"
              />
            </button>
            <p
              data-testid="claps"
            >
              11
            </p>
          </div>
          <div
            class="heart"
          >
            <button
              data-testid="testHeartButton"
            >
              <img
                alt="image"
                src="/Icons/heart-black.svg"
              />
            </button>
          </div>
        </div>
      </div>
    </div>
    <div
      class="card"
    >
      <div
        class="img"
      >
        <img
          alt="Image"
          class="cardImage"
          src="/Images/inspired.png"
        />
      </div>
      <div
        class="belowImage"
      >
        <div
          class="textBelowImage"
        >
          <p>
            4th February, 2019
          </p>
          <p>
            9 mins
          </p>
        </div>
        <div
          class="title"
        >
          <h3>
            Stay inspired: top artists blog ...
          </h3>
        </div>
        <div
          class="description"
        >
          <p>
            Create a blog post subtitle that summarizes your post in a few short, punchy sentences and entices your...
          </p>
        </div>
        <hr />
        <div
          class="reactions"
        >
          <div
            class="hands"
          >
            <button
              class="claps"
              data-testid="testClapButton"
            >
              <img
                alt="image"
                src="/Icons/clapping.svg"
              />
            </button>
            <p
              data-testid="claps"
            >
              45
            </p>
          </div>
          <div
            class="heart"
          >
            <button
              data-testid="testHeartButton"
            >
              <img
                alt="image"
                src="/Icons/heart-red.svg"
              />
            </button>
          </div>
        </div>
      </div>
    </div>
    <div
      class="card"
    >
      <div
        class="img"
      >
        <img
          alt="Image"
          class="cardImage"
          src="/Images/reason.png"
        />
      </div>
      <div
        class="belowImage"
      >
        <div
          class="textBelowImage"
        >
          <p>
            10th January, 2019
          </p>
          <p>
            2 mins
          </p>
        </div>
        <div
          class="title"
        >
          <h3>
            5 reasons why everyone should try an...
          </h3>
        </div>
        <div
          class="description"
        >
          <p>
            Create a blog post subtitle that summarizes your post in a few short, punchy sentences and entices your...
          </p>
        </div>
        <hr />
        <div
          class="reactions"
        >
          <div
            class="hands"
          >
            <button
              class="claps"
              data-testid="testClapButton"
            >
              <img
                alt="image"
                src="/Icons/clapping.svg"
              />
            </button>
            <p
              data-testid="claps"
            >
              11
            </p>
          </div>
          <div
            class="heart"
          >
            <button
              data-testid="testHeartButton"
            >
              <img
                alt="image"
                src="/Icons/heart-black.svg"
              />
            </button>
          </div>
        </div>
      </div>
    </div>
  </div>
</DocumentFragment>
`;
